Manasi@LAPTOP-JEF7QS58 MINGW64 /c/Gitlab manasipm (master)
$ git config --global user.name "Manasipm"

Manasi@LAPTOP-JEF7QS58 MINGW64 /c/Gitlab manasipm (master)
$ git config --global user.email "manasipm2018@gmail.com"

Manasi@LAPTOP-JEF7QS58 MINGW64 /c/Gitlab manasipm (master)
$ git init
Reinitialized existing Git repository in C:/Gitlab manasipm/.git/

Manasi@LAPTOP-JEF7QS58 MINGW64 /c/Gitlab manasipm (master)
$ git add .

Manasi@LAPTOP-JEF7QS58 MINGW64 /c/Gitlab manasipm (master)
$ git commit -m
error: switch `m' requires a value

Manasi@LAPTOP-JEF7QS58 MINGW64 /c/Gitlab manasipm (master)
$ git remote add origin "https://github.com/Manasipm/Github-lab-2019.git"
error: remote origin already exists.

Manasi@LAPTOP-JEF7QS58 MINGW64 /c/Gitlab manasipm (master)
$ git remote rm remote
error: No such remote: 'remote'

Manasi@LAPTOP-JEF7QS58 MINGW64 /c/Gitlab manasipm (master)
$ git remote -v
origin  https://github.com/manasipm/git-github.git (fetch)
origin  https://github.com/manasipm/git-github.git (push)

Manasi@LAPTOP-JEF7QS58 MINGW64 /c/Gitlab manasipm (master)
$ git remote rm origin

Manasi@LAPTOP-JEF7QS58 MINGW64 /c/Gitlab manasipm (master)
$ git log
commit da2ee61e5eea11339d9cba763e99f7c63262aee0 (HEAD -> master)
Author: Manasipm <manasipm2018@gmail.com>
Date:   Thu Jun 24 16:00:13 2021 +0530

    initial commit

Manasi@LAPTOP-JEF7QS58 MINGW64 /c/Gitlab manasipm (master)
$ git status
On branch master
nothing to commit, working tree clean

Manasi@LAPTOP-JEF7QS58 MINGW64 /c/Gitlab manasipm (master)
$ git add -A

Manasi@LAPTOP-JEF7QS58 MINGW64 /c/Gitlab manasipm (master)
$ git remote -v

Manasi@LAPTOP-JEF7QS58 MINGW64 /c/Gitlab manasipm (master)
$ git remote add origin "https://github.com/Manasipm/Github-lab-2019.git"

Manasi@LAPTOP-JEF7QS58 MINGW64 /c/Gitlab manasipm (master)
$ git remote -v
origin  https://github.com/Manasipm/Github-lab-2019.git (fetch)
origin  https://github.com/Manasipm/Github-lab-2019.git (push)

Manasi@LAPTOP-JEF7QS58 MINGW64 /c/Gitlab manasipm (master)
$ git push -u origin master
fatal: helper error (-1): authentication prompt was canceled

remote: Invalid username or password.
fatal: Authentication failed for 'https://github.com/Manasipm/Github-lab-2019.git/'

Manasi@LAPTOP-JEF7QS58 MINGW64 /c/Gitlab manasipm (master)
$

Manasi@LAPTOP-JEF7QS58 MINGW64 /c/Gitlab manasipm (master)
$ git push -u origin master
fatal: helper error (-1): authentication prompt was canceled
error: unable to read askpass response from 'C:/Program Files/Git/mingw64/libexec/git-core/git-gui--askpass'
Username for 'https://github.com': manasipm2018@gmail.com

Enumerating objects: 3, done.
Counting objects: 100% (3/3), done.
Writing objects: 100% (3/3), 220 bytes | 16.00 KiB/s, done.
Total 3 (delta 0), reused 0 (delta 0), pack-reused 0
remote:
remote: Create a pull request for 'master' on GitHub by visiting:
remote:      https://github.com/Manasipm/Github-lab-2019/pull/new/master
remote:
To https://github.com/Manasipm/Github-lab-2019.git
 * [new branch]      master -> master
Branch 'master' set up to track remote branch 'master' from 'origin'.

Manasi@LAPTOP-JEF7QS58 MINGW64 /c/Gitlab manasipm (master)
$

Manasi@LAPTOP-JEF7QS58 MINGW64 /c/Gitlab manasipm (master)
$ git log
commit da2ee61e5eea11339d9cba763e99f7c63262aee0 (HEAD -> master, origin/master)
Author: Manasipm <manasipm2018@gmail.com>
Date:   Thu Jun 24 16:00:13 2021 +0530

    initial commit

Manasi@LAPTOP-JEF7QS58 MINGW64 /c/Gitlab manasipm (master)
$ git push origin master
Everything up-to-date

Manasi@LAPTOP-JEF7QS58 MINGW64 /c/Gitlab manasipm (master)
$ git mv readme.md readme
fatal: bad source, source=readme.md, destination=readme

Manasi@LAPTOP-JEF7QS58 MINGW64 /c/Gitlab manasipm (master)
$ git mv readme.md readme.rst
fatal: bad source, source=readme.md, destination=readme.rst

Manasi@LAPTOP-JEF7QS58 MINGW64 /c/Gitlab manasipm (master)
$ git mv README.md README.rst
fatal: bad source, source=README.md, destination=README.rst

Manasi@LAPTOP-JEF7QS58 MINGW64 /c/Gitlab manasipm (master)
$
